// Vitest Snapshot v1, https://vitest.dev/guide/snapshot.html

exports[`dist > should build index.js 1`] = `
"export default function simpleLib() {
    // oxlint-disable-next-line typescript/no-unnecessary-template-expression -- checking template string here
    return \`hello world via \${"typescript"}\`;
}
//# sourceMappingURL=index.js.map"
`;
